[2026-04-30 13:45:37] Toolkit started
[2026-04-30 13:45:49] Toolkit exited normally
[2026-04-30 13:51:10] Toolkit started
[2026-04-30 13:51:17] User selected: Software installation
[2026-04-30 13:51:17] Fixed permissions for /home/victor/Project/BASH_AUTOMATION/scripts/installer.sh
[2026-04-30 14:07:05] Attempting to install: linux
[2026-04-30 14:07:12] ERROR: Failed to install linux
[2026-04-30 14:07:14] Executed: installer.sh
[2026-04-30 14:07:21] Toolkit exited normally
[2026-05-01 06:33:45] Toolkit started
[2026-05-01 06:34:12] User selected: Backup files
[2026-05-01 06:34:12] Fixed permissions for /home/victor/Project/BASH_AUTOMATION/scripts/backup.sh
[2026-05-01 06:36:17] Toolkit interrupted
[2026-05-01 06:36:24] Toolkit started
[2026-05-01 06:36:26] User selected: Backup files
[2026-05-01 06:37:57] Backup created: /home/victor/Documents/Linux Scripts_backup/backup_Linux Scripts_20260501_063757.tar.gz (Size: 4.0K)
[2026-05-01 06:37:57] Executed: backup.sh
[2026-05-01 06:38:16] User selected: Log management
[2026-05-01 06:38:16] Fixed permissions for /home/victor/Project/BASH_AUTOMATION/scripts/log_manager.sh
[2026-05-01 06:38:16] Executed: log_manager.sh
[2026-05-01 06:38:25] User selected: Log management
[2026-05-01 06:38:25] Executed: log_manager.sh
[2026-05-01 06:38:30] User selected: Log management
[2026-05-01 06:38:30] Executed: log_manager.sh
[2026-05-01 06:38:33] User selected: User management
[2026-05-01 06:38:33] Fixed permissions for /home/victor/Project/BASH_AUTOMATION/scripts/user_manager.sh
[2026-05-01 06:38:33] Executed: user_manager.sh
[2026-05-01 06:38:43] User selected: System monitoring
[2026-05-01 06:38:43] ERROR: Script not found - /home/victor/Project/BASH_AUTOMATION/scripts/system_monitor.sh
[2026-05-01 06:38:43] ERROR: Failed to execute system_monitor.sh
[2026-05-01 06:38:49] User selected: System monitoring
[2026-05-01 06:38:49] ERROR: Script not found - /home/victor/Project/BASH_AUTOMATION/scripts/system_monitor.sh
[2026-05-01 06:38:49] ERROR: Failed to execute system_monitor.sh
[2026-05-01 06:38:56] Toolkit exited normally
[2026-05-01 06:40:37] Toolkit started
[2026-05-01 06:40:42] User selected: Log management
[2026-05-01 06:40:42] Executed: log_manager.sh
[2026-05-01 06:40:46] User selected: Log management
[2026-05-01 06:40:47] Executed: log_manager.sh
[2026-05-01 06:40:49] User selected: User management
[2026-05-01 06:41:22] User created: testuser (Full name: )
[2026-05-01 06:41:48] Executed: user_manager.sh
[2026-05-01 06:41:53] User selected: User management
[2026-05-01 06:42:15] User deleted: testuser (Home deleted: y)
[2026-05-01 06:42:36] Executed: user_manager.sh
[2026-05-01 06:42:42] User selected: System monitoring
[2026-05-01 06:42:42] Fixed permissions for /home/victor/Project/BASH_AUTOMATION/scripts/system_monitor.sh
[2026-05-01 06:42:42] System health check completed - CPU: 3.1%, MEM: 23.1%, DISK: 73%
[2026-05-01 06:43:19] System health check completed - CPU: 3.9%, MEM: 23.2%, DISK: 73%
[2026-05-01 06:43:21] System health check completed - CPU: 4.4%, MEM: 23.2%, DISK: 73%
[2026-05-01 06:43:24] Executed: system_monitor.sh
[2026-05-01 06:43:30] User selected: Software installation
[2026-05-01 06:44:15] Attempting to install: steam
[2026-05-01 06:44:15] ERROR: Failed to install steam
[2026-05-01 06:44:21] Executed: installer.sh
[2026-05-01 06:44:25] User selected: Software installation
[2026-05-01 06:46:13] Attempting to install: phpstorm
[2026-05-01 06:46:14] ERROR: Failed to install phpstorm
[2026-05-01 06:47:55] Executed: installer.sh
[2026-05-01 06:48:03] User selected: Software installation
[2026-05-01 06:48:09] Upgrading system packages
[2026-05-01 06:48:44] Toolkit interrupted
[2026-05-01 06:48:48] Toolkit started
[2026-05-01 06:49:04] User selected: Software installation
[2026-05-01 07:43:41] Executed: installer.sh
[2026-05-01 07:43:44] Toolkit exited normally
